{
  "host": "localhost",
  "ip": "127.0.0.1",
  "port": 4443,
  "elapsedTime": 517,
  "tlsVersion": "TLSv1.2",
  "cipher": "DHE-DSS-AES256-GCM-SHA384 TLSv1.2 Kx=DH       Au=DSS  Enc=AESGCM(256) Mac=AEAD",
  "tempPublicKeyAlg": "DH",
  "tempPublicKeySize": 2048,
  "secureRenego": true,
  "compression": "zlib compression",
  "expansion": "zlib compression",
  "sessionLifetimeHint": 300,
  "tlsVersions": [
    "SSLv3",
    "TLSv1",
    "TLSv1_1",
    "TLSv1_2"
  ],
  "cipherSuite": {
    "supported": [
      "DHE-DSS-AES256-GCM-SHA384",
      "DHE-DSS-AES256-SHA256",
      "DHE-DSS-AES256-SHA",
      "DHE-DSS-CAMELLIA256-SHA256",
      "DHE-DSS-CAMELLIA256-SHA",
      "AECDH-AES256-SHA",
      "ADH-AES256-GCM-SHA384",
      "ADH-AES256-SHA256",
      "ADH-AES256-SHA",
      "ADH-CAMELLIA256-SHA256",
      "ADH-CAMELLIA256-SHA",
      "DHE-DSS-AES128-GCM-SHA256",
      "DHE-DSS-AES128-SHA256",
      "DHE-DSS-AES128-SHA",
      "DHE-DSS-CAMELLIA128-SHA256",
      "DHE-DSS-SEED-SHA",
      "DHE-DSS-CAMELLIA128-SHA",
      "AECDH-AES128-SHA",
      "ADH-AES128-GCM-SHA256",
      "ADH-AES128-SHA256",
      "ADH-AES128-SHA",
      "ADH-CAMELLIA128-SHA256",
      "ADH-SEED-SHA",
      "ADH-CAMELLIA128-SHA",
      "DHE-DSS-RC4-SHA",
      "AECDH-RC4-SHA",
      "ADH-RC4-MD5",
      "EDH-DSS-DES-CBC3-SHA",
      "AECDH-DES-CBC3-SHA",
      "ADH-DES-CBC3-SHA",
      "EDH-DSS-DES-CBC-SHA",
      "ADH-DES-CBC-SHA",
      "AECDH-NULL-SHA"
    ],
    "notSupported": [
      "ECDHE-ECDSA-CHACHA20-POLY1305-OLD",
      "ECDHE-RSA-CHACHA20-POLY1305-OLD",
      "DHE-RSA-CHACHA20-POLY1305-OLD",
      "ECDHE-RSA-AES256-GCM-SHA384",
      "ECDHE-ECDSA-AES256-GCM-SHA384",
      "ECDHE-RSA-AES256-SHA384",
      "ECDHE-ECDSA-AES256-SHA384",
      "ECDHE-RSA-AES256-SHA",
      "ECDHE-ECDSA-AES256-SHA",
      "DH-DSS-AES256-GCM-SHA384",
      "DH-RSA-AES256-GCM-SHA384",
      "DHE-RSA-AES256-GCM-SHA384",
      "DHE-RSA-AES256-SHA256",
      "DH-RSA-AES256-SHA256",
      "DH-DSS-AES256-SHA256",
      "DHE-RSA-AES256-SHA",
      "DH-RSA-AES256-SHA",
      "DH-DSS-AES256-SHA",
      "ECDHE-RSA-CAMELLIA256-SHA384",
      "ECDHE-ECDSA-CAMELLIA256-SHA384",
      "DHE-RSA-CAMELLIA256-SHA256",
      "DH-RSA-CAMELLIA256-SHA256",
      "DH-DSS-CAMELLIA256-SHA256",
      "DHE-RSA-CAMELLIA256-SHA",
      "DH-RSA-CAMELLIA256-SHA",
      "DH-DSS-CAMELLIA256-SHA",
      "ECDH-RSA-AES256-GCM-SHA384",
      "ECDH-ECDSA-AES256-GCM-SHA384",
      "ECDH-RSA-AES256-SHA384",
      "ECDH-ECDSA-AES256-SHA384",
      "ECDH-RSA-AES256-SHA",
      "ECDH-ECDSA-AES256-SHA",
      "ECDH-RSA-CAMELLIA256-SHA384",
      "ECDH-ECDSA-CAMELLIA256-SHA384",
      "AES256-GCM-SHA384",
      "AES256-SHA256",
      "AES256-SHA",
      "CAMELLIA256-SHA256",
      "CAMELLIA256-SHA",
      "RSA-PSK-AES256-CBC-SHA",
      "ECDHE-RSA-AES128-GCM-SHA256",
      "ECDHE-ECDSA-AES128-GCM-SHA256",
      "ECDHE-RSA-AES128-SHA256",
      "ECDHE-ECDSA-AES128-SHA256",
      "ECDHE-RSA-AES128-SHA",
      "ECDHE-ECDSA-AES128-SHA",
      "DH-DSS-AES128-GCM-SHA256",
      "DH-RSA-AES128-GCM-SHA256",
      "DHE-RSA-AES128-GCM-SHA256",
      "DHE-RSA-AES128-SHA256",
      "DH-RSA-AES128-SHA256",
      "DH-DSS-AES128-SHA256",
      "DHE-RSA-AES128-SHA",
      "DH-RSA-AES128-SHA",
      "DH-DSS-AES128-SHA",
      "ECDHE-RSA-CAMELLIA128-SHA256",
      "ECDHE-ECDSA-CAMELLIA128-SHA256",
      "DHE-RSA-CAMELLIA128-SHA256",
      "DH-RSA-CAMELLIA128-SHA256",
      "DH-DSS-CAMELLIA128-SHA256",
      "DHE-RSA-SEED-SHA",
      "DH-RSA-SEED-SHA",
      "DH-DSS-SEED-SHA",
      "DHE-RSA-CAMELLIA128-SHA",
      "DH-RSA-CAMELLIA128-SHA",
      "DH-DSS-CAMELLIA128-SHA",
      "ECDH-RSA-AES128-GCM-SHA256",
      "ECDH-ECDSA-AES128-GCM-SHA256",
      "ECDH-RSA-AES128-SHA256",
      "ECDH-ECDSA-AES128-SHA256",
      "ECDH-RSA-AES128-SHA",
      "ECDH-ECDSA-AES128-SHA",
      "ECDH-RSA-CAMELLIA128-SHA256",
      "ECDH-ECDSA-CAMELLIA128-SHA256",
      "AES128-GCM-SHA256",
      "AES128-SHA256",
      "AES128-SHA",
      "CAMELLIA128-SHA256",
      "SEED-SHA",
      "CAMELLIA128-SHA",
      "IDEA-CBC-SHA",
      "IDEA-CBC-MD5",
      "RC2-CBC-MD5",
      "RSA-PSK-AES128-CBC-SHA",
      "ECDHE-RSA-RC4-SHA",
      "ECDHE-ECDSA-RC4-SHA",
      "ECDH-RSA-RC4-SHA",
      "ECDH-ECDSA-RC4-SHA",
      "RC4-SHA",
      "RC4-MD5",
      "RC4-MD5",
      "RSA-PSK-RC4-SHA",
      "ECDHE-RSA-DES-CBC3-SHA",
      "ECDHE-ECDSA-DES-CBC3-SHA",
      "EDH-RSA-DES-CBC3-SHA",
      "DH-RSA-DES-CBC3-SHA",
      "DH-DSS-DES-CBC3-SHA",
      "ECDH-RSA-DES-CBC3-SHA",
      "ECDH-ECDSA-DES-CBC3-SHA",
      "DES-CBC3-SHA",
      "DES-CBC3-MD5",
      "RSA-PSK-3DES-EDE-CBC-SHA",
      "RC4-64-MD5",
      "EXP1024-DHE-DSS-DES-CBC-SHA",
      "EDH-RSA-DES-CBC-SHA",
      "DH-RSA-DES-CBC-SHA",
      "DH-DSS-DES-CBC-SHA",
      "EXP1024-DES-CBC-SHA",
      "DES-CBC-SHA",
      "EXP1024-RC2-CBC-MD5",
      "DES-CBC-MD5",
      "EXP1024-DHE-DSS-RC4-SHA",
      "EXP1024-RC4-SHA",
      "EXP1024-RC4-MD5",
      "EXP-EDH-RSA-DES-CBC-SHA",
      "EXP-EDH-DSS-DES-CBC-SHA",
      "EXP-DH-RSA-DES-CBC-SHA",
      "EXP-DH-DSS-DES-CBC-SHA",
      "EXP-ADH-DES-CBC-SHA",
      "EXP-DES-CBC-SHA",
      "EXP-RC2-CBC-MD5",
      "EXP-RC2-CBC-MD5",
      "EXP-ADH-RC4-MD5",
      "EXP-RC4-MD5",
      "EXP-RC4-MD5",
      "ECDHE-RSA-NULL-SHA",
      "ECDHE-ECDSA-NULL-SHA",
      "ECDH-RSA-NULL-SHA",
      "ECDH-ECDSA-NULL-SHA",
      "NULL-SHA256",
      "NULL-SHA",
      "NULL-MD5"
    ]
  },
  "x509ChainDepth": 1,
  "verifyCertResult": false,
  "verifyCertError": "self signed certificate",
  "verifyHostResult": true,
  "ocspStapled": false,
  "certificateChain": [
  {
    "version": 3,
    "subject": "emailAddress=tls-scan@example.com; CN=localhost; OU=tls-scan; O=tls-scan; ST=CA; C=US",
    "issuer": "emailAddress=tls-scan@example.com; CN=localhost; OU=tls-scan; O=tls-scan; ST=CA; C=US",
    "subjectCN": "localhost",
    "signatureAlg": "dsa_with_SHA256",
    "notBefore": "Dec 27 20:18:45 2019 GMT",
    "notAfter": "Dec 24 20:18:45 2029 GMT",
    "expired": false,
    "serialNo": "E8:7B:5B:ED:6A:01:D0:5C",
    "publicKeyAlg": "DSA",
    "publicKeySize": 1024,
    "basicConstraints": "CA:TRUE",
    "subjectKeyIdentifier": "7C:1C:3C:7F:5E:23:3B:34:CB:AA:D1:60:EE:9B:80:38:55:9B:ED:7B",
    "sha1Fingerprint": "DE:32:CD:15:BE:40:C4:19:C4:71:75:6C:36:EB:BC:F3:22:4C:4E:5A"
  } ]
}

<|---------Scan Summary---------|>
 [8589] ciphers             : ECDHE-ECDSA-CHACHA20-POLY1305-OLD:ECDHE-RSA-CHACHA20-POLY1305-OLD:DHE-RSA-CHACHA20-POLY1305-OLD:ECDHE-RSA-AES256-GCM-SHA384:ECDHE-ECDSA-AES256-GCM-SHA384:ECDHE-RSA-AES256-SHA384:ECDHE-ECDSA-AES256-SHA384:ECDHE-RSA-AES256-SHA:ECDHE-ECDSA-AES256-SHA:DH-DSS-AES256-GCM-SHA384:DHE-DSS-AES256-GCM-SHA384:DH-RSA-AES256-GCM-SHA384:DHE-RSA-AES256-GCM-SHA384:DHE-RSA-AES256-SHA256:DHE-DSS-AES256-SHA256:DH-RSA-AES256-SHA256:DH-DSS-AES256-SHA256:DHE-RSA-AES256-SHA:DHE-DSS-AES256-SHA:DH-RSA-AES256-SHA:DH-DSS-AES256-SHA:ECDHE-RSA-CAMELLIA256-SHA384:ECDHE-ECDSA-CAMELLIA256-SHA384:DHE-RSA-CAMELLIA256-SHA256:DHE-DSS-CAMELLIA256-SHA256:DH-RSA-CAMELLIA256-SHA256:DH-DSS-CAMELLIA256-SHA256:DHE-RSA-CAMELLIA256-SHA:DHE-DSS-CAMELLIA256-SHA:DH-RSA-CAMELLIA256-SHA:DH-DSS-CAMELLIA256-SHA:AECDH-AES256-SHA:ADH-AES256-GCM-SHA384:ADH-AES256-SHA256:ADH-AES256-SHA:ADH-CAMELLIA256-SHA256:ADH-CAMELLIA256-SHA:ECDH-RSA-AES256-GCM-SHA384:ECDH-ECDSA-AES256-GCM-SHA384:ECDH-RSA-AES256-SHA384:ECDH-ECDSA-AES256-SHA384:ECDH-RSA-AES256-SHA:ECDH-ECDSA-AES256-SHA:ECDH-RSA-CAMELLIA256-SHA384:ECDH-ECDSA-CAMELLIA256-SHA384:AES256-GCM-SHA384:AES256-SHA256:AES256-SHA:CAMELLIA256-SHA256:CAMELLIA256-SHA:RSA-PSK-AES256-CBC-SHA:ECDHE-RSA-AES128-GCM-SHA256:ECDHE-ECDSA-AES128-GCM-SHA256:ECDHE-RSA-AES128-SHA256:ECDHE-ECDSA-AES128-SHA256:ECDHE-RSA-AES128-SHA:ECDHE-ECDSA-AES128-SHA:DH-DSS-AES128-GCM-SHA256:DHE-DSS-AES128-GCM-SHA256:DH-RSA-AES128-GCM-SHA256:DHE-RSA-AES128-GCM-SHA256:DHE-RSA-AES128-SHA256:DHE-DSS-AES128-SHA256:DH-RSA-AES128-SHA256:DH-DSS-AES128-SHA256:DHE-RSA-AES128-SHA:DHE-DSS-AES128-SHA:DH-RSA-AES128-SHA:DH-DSS-AES128-SHA:ECDHE-RSA-CAMELLIA128-SHA256:ECDHE-ECDSA-CAMELLIA128-SHA256:DHE-RSA-CAMELLIA128-SHA256:DHE-DSS-CAMELLIA128-SHA256:DH-RSA-CAMELLIA128-SHA256:DH-DSS-CAMELLIA128-SHA256:DHE-RSA-SEED-SHA:DHE-DSS-SEED-SHA:DH-RSA-SEED-SHA:DH-DSS-SEED-SHA:DHE-RSA-CAMELLIA128-SHA:DHE-DSS-CAMELLIA128-SHA:DH-RSA-CAMELLIA128-SHA:DH-DSS-CAMELLIA128-SHA:AECDH-AES128-SHA:ADH-AES128-GCM-SHA256:ADH-AES128-SHA256:ADH-AES128-SHA:ADH-CAMELLIA128-SHA256:ADH-SEED-SHA:ADH-CAMELLIA128-SHA:ECDH-RSA-AES128-GCM-SHA256:ECDH-ECDSA-AES128-GCM-SHA256:ECDH-RSA-AES128-SHA256:ECDH-ECDSA-AES128-SHA256:ECDH-RSA-AES128-SHA:ECDH-ECDSA-AES128-SHA:ECDH-RSA-CAMELLIA128-SHA256:ECDH-ECDSA-CAMELLIA128-SHA256:AES128-GCM-SHA256:AES128-SHA256:AES128-SHA:CAMELLIA128-SHA256:SEED-SHA:CAMELLIA128-SHA:IDEA-CBC-SHA:IDEA-CBC-MD5:RC2-CBC-MD5:RSA-PSK-AES128-CBC-SHA:ECDHE-RSA-RC4-SHA:ECDHE-ECDSA-RC4-SHA:DHE-DSS-RC4-SHA:AECDH-RC4-SHA:ADH-RC4-MD5:ECDH-RSA-RC4-SHA:ECDH-ECDSA-RC4-SHA:RC4-SHA:RC4-MD5:RC4-MD5:RSA-PSK-RC4-SHA:ECDHE-RSA-DES-CBC3-SHA:ECDHE-ECDSA-DES-CBC3-SHA:EDH-RSA-DES-CBC3-SHA:EDH-DSS-DES-CBC3-SHA:DH-RSA-DES-CBC3-SHA:DH-DSS-DES-CBC3-SHA:AECDH-DES-CBC3-SHA:ADH-DES-CBC3-SHA:ECDH-RSA-DES-CBC3-SHA:ECDH-ECDSA-DES-CBC3-SHA:DES-CBC3-SHA:DES-CBC3-MD5:RSA-PSK-3DES-EDE-CBC-SHA:RC4-64-MD5:EXP1024-DHE-DSS-DES-CBC-SHA:EDH-RSA-DES-CBC-SHA:EDH-DSS-DES-CBC-SHA:DH-RSA-DES-CBC-SHA:DH-DSS-DES-CBC-SHA:ADH-DES-CBC-SHA:EXP1024-DES-CBC-SHA:DES-CBC-SHA:EXP1024-RC2-CBC-MD5:DES-CBC-MD5:EXP1024-DHE-DSS-RC4-SHA:EXP1024-RC4-SHA:EXP1024-RC4-MD5:EXP-EDH-RSA-DES-CBC-SHA:EXP-EDH-DSS-DES-CBC-SHA:EXP-DH-RSA-DES-CBC-SHA:EXP-DH-DSS-DES-CBC-SHA:EXP-ADH-DES-CBC-SHA:EXP-DES-CBC-SHA:EXP-RC2-CBC-MD5:EXP-RC2-CBC-MD5:EXP-ADH-RC4-MD5:EXP-RC4-MD5:EXP-RC4-MD5:AECDH-NULL-SHA:ECDHE-RSA-NULL-SHA:ECDHE-ECDSA-NULL-SHA:ECDH-RSA-NULL-SHA:ECDH-ECDSA-NULL-SHA:NULL-SHA256:NULL-SHA:NULL-MD5: (165)
 [8589] dns-lookup          : 1
 [8589] network-error       : 134
 [8589] dns-errcount        : 0
 [8589] remote-close-error  : 0
 [8589] unknown-error       : 0
 [8589] timeout-error       : 0
 [8589] connect-error       : 0
 [8589] tls-handshake       : 1
 [8589] gross-tls-handshake : 38
 [8589] elapsed-time        : 0.661049 secs
<|------------------------------|>
