{
  "host": "localhost",
  "ip": "127.0.0.1",
  "port": 4443,
  "elapsedTime": 551,
  "tlsVersion": "TLSv1.2",
  "cipher": "ECDHE-RSA-CHACHA20-POLY1305-OLD TLSv1.2 Kx=ECDH     Au=RSA  Enc=ChaCha20(256) Mac=AEAD",
  "tempPublicKeyAlg": "ECDH prime256v1",
  "tempPublicKeySize": 256,
  "secureRenego": true,
  "compression": "zlib compression",
  "expansion": "zlib compression",
  "sessionLifetimeHint": 300,
  "tlsVersions": [
    "SSLv2",
    "SSLv3",
    "TLSv1",
    "TLSv1_1",
    "TLSv1_2"
  ],
  "cipherSuite": {
    "supported": [
      "ECDHE-RSA-CHACHA20-POLY1305-OLD",
      "DHE-RSA-CHACHA20-POLY1305-OLD",
      "ECDHE-RSA-AES256-GCM-SHA384",
      "ECDHE-RSA-AES256-SHA384",
      "ECDHE-RSA-AES256-SHA",
      "DHE-RSA-AES256-GCM-SHA384",
      "DHE-RSA-AES256-SHA256",
      "DHE-RSA-AES256-SHA",
      "ECDHE-RSA-CAMELLIA256-SHA384",
      "DHE-RSA-CAMELLIA256-SHA256",
      "DHE-RSA-CAMELLIA256-SHA",
      "AECDH-AES256-SHA",
      "ADH-AES256-GCM-SHA384",
      "ADH-AES256-SHA256",
      "ADH-AES256-SHA",
      "ADH-CAMELLIA256-SHA256",
      "ADH-CAMELLIA256-SHA",
      "AES256-GCM-SHA384",
      "AES256-SHA256",
      "AES256-SHA",
      "CAMELLIA256-SHA256",
      "CAMELLIA256-SHA",
      "ECDHE-RSA-AES128-GCM-SHA256",
      "ECDHE-RSA-AES128-SHA256",
      "ECDHE-RSA-AES128-SHA",
      "DHE-RSA-AES128-GCM-SHA256",
      "DHE-RSA-AES128-SHA256",
      "DHE-RSA-AES128-SHA",
      "ECDHE-RSA-CAMELLIA128-SHA256",
      "DHE-RSA-CAMELLIA128-SHA256",
      "DHE-RSA-SEED-SHA",
      "DHE-RSA-CAMELLIA128-SHA",
      "AECDH-AES128-SHA",
      "ADH-AES128-GCM-SHA256",
      "ADH-AES128-SHA256",
      "ADH-AES128-SHA",
      "ADH-CAMELLIA128-SHA256",
      "ADH-SEED-SHA",
      "ADH-CAMELLIA128-SHA",
      "AES128-GCM-SHA256",
      "AES128-SHA256",
      "AES128-SHA",
      "CAMELLIA128-SHA256",
      "SEED-SHA",
      "CAMELLIA128-SHA",
      "IDEA-CBC-SHA",
      "IDEA-CBC-MD5",
      "ECDHE-RSA-RC4-SHA",
      "AECDH-RC4-SHA",
      "ADH-RC4-MD5",
      "RC4-SHA",
      "RC4-MD5",
      "RC4-MD5",
      "ECDHE-RSA-DES-CBC3-SHA",
      "EDH-RSA-DES-CBC3-SHA",
      "AECDH-DES-CBC3-SHA",
      "ADH-DES-CBC3-SHA",
      "DES-CBC3-SHA",
      "DES-CBC3-MD5",
      "EDH-RSA-DES-CBC-SHA",
      "ADH-DES-CBC-SHA",
      "EXP1024-DES-CBC-SHA",
      "DES-CBC-SHA",
      "EXP1024-RC2-CBC-MD5",
      "DES-CBC-MD5",
      "EXP1024-RC4-SHA",
      "EXP1024-RC4-MD5",
      "EXP-RC4-MD5",
      "EXP-RC4-MD5",
      "AECDH-NULL-SHA",
      "ECDHE-RSA-NULL-SHA",
      "NULL-SHA256",
      "NULL-SHA",
      "NULL-MD5"
    ],
    "notSupported": [
      "ECDHE-ECDSA-CHACHA20-POLY1305-OLD",
      "ECDHE-ECDSA-AES256-GCM-SHA384",
      "ECDHE-ECDSA-AES256-SHA384",
      "ECDHE-ECDSA-AES256-SHA",
      "DH-DSS-AES256-GCM-SHA384",
      "DHE-DSS-AES256-GCM-SHA384",
      "DH-RSA-AES256-GCM-SHA384",
      "DHE-DSS-AES256-SHA256",
      "DH-RSA-AES256-SHA256",
      "DH-DSS-AES256-SHA256",
      "DHE-DSS-AES256-SHA",
      "DH-RSA-AES256-SHA",
      "DH-DSS-AES256-SHA",
      "ECDHE-ECDSA-CAMELLIA256-SHA384",
      "DHE-DSS-CAMELLIA256-SHA256",
      "DH-RSA-CAMELLIA256-SHA256",
      "DH-DSS-CAMELLIA256-SHA256",
      "DHE-DSS-CAMELLIA256-SHA",
      "DH-RSA-CAMELLIA256-SHA",
      "DH-DSS-CAMELLIA256-SHA",
      "ECDH-RSA-AES256-GCM-SHA384",
      "ECDH-ECDSA-AES256-GCM-SHA384",
      "ECDH-RSA-AES256-SHA384",
      "ECDH-ECDSA-AES256-SHA384",
      "ECDH-RSA-AES256-SHA",
      "ECDH-ECDSA-AES256-SHA",
      "ECDH-RSA-CAMELLIA256-SHA384",
      "ECDH-ECDSA-CAMELLIA256-SHA384",
      "RSA-PSK-AES256-CBC-SHA",
      "ECDHE-ECDSA-AES128-GCM-SHA256",
      "ECDHE-ECDSA-AES128-SHA256",
      "ECDHE-ECDSA-AES128-SHA",
      "DH-DSS-AES128-GCM-SHA256",
      "DHE-DSS-AES128-GCM-SHA256",
      "DH-RSA-AES128-GCM-SHA256",
      "DHE-DSS-AES128-SHA256",
      "DH-RSA-AES128-SHA256",
      "DH-DSS-AES128-SHA256",
      "DHE-DSS-AES128-SHA",
      "DH-RSA-AES128-SHA",
      "DH-DSS-AES128-SHA",
      "ECDHE-ECDSA-CAMELLIA128-SHA256",
      "DHE-DSS-CAMELLIA128-SHA256",
      "DH-RSA-CAMELLIA128-SHA256",
      "DH-DSS-CAMELLIA128-SHA256",
      "DHE-DSS-SEED-SHA",
      "DH-RSA-SEED-SHA",
      "DH-DSS-SEED-SHA",
      "DHE-DSS-CAMELLIA128-SHA",
      "DH-RSA-CAMELLIA128-SHA",
      "DH-DSS-CAMELLIA128-SHA",
      "ECDH-RSA-AES128-GCM-SHA256",
      "ECDH-ECDSA-AES128-GCM-SHA256",
      "ECDH-RSA-AES128-SHA256",
      "ECDH-ECDSA-AES128-SHA256",
      "ECDH-RSA-AES128-SHA",
      "ECDH-ECDSA-AES128-SHA",
      "ECDH-RSA-CAMELLIA128-SHA256",
      "ECDH-ECDSA-CAMELLIA128-SHA256",
      "RC2-CBC-MD5",
      "RSA-PSK-AES128-CBC-SHA",
      "ECDHE-ECDSA-RC4-SHA",
      "DHE-DSS-RC4-SHA",
      "ECDH-RSA-RC4-SHA",
      "ECDH-ECDSA-RC4-SHA",
      "RSA-PSK-RC4-SHA",
      "ECDHE-ECDSA-DES-CBC3-SHA",
      "EDH-DSS-DES-CBC3-SHA",
      "DH-RSA-DES-CBC3-SHA",
      "DH-DSS-DES-CBC3-SHA",
      "ECDH-RSA-DES-CBC3-SHA",
      "ECDH-ECDSA-DES-CBC3-SHA",
      "RSA-PSK-3DES-EDE-CBC-SHA",
      "RC4-64-MD5",
      "EXP1024-DHE-DSS-DES-CBC-SHA",
      "EDH-DSS-DES-CBC-SHA",
      "DH-RSA-DES-CBC-SHA",
      "DH-DSS-DES-CBC-SHA",
      "EXP1024-DHE-DSS-RC4-SHA",
      "EXP-EDH-RSA-DES-CBC-SHA",
      "EXP-EDH-DSS-DES-CBC-SHA",
      "EXP-DH-RSA-DES-CBC-SHA",
      "EXP-DH-DSS-DES-CBC-SHA",
      "EXP-ADH-DES-CBC-SHA",
      "EXP-DES-CBC-SHA",
      "EXP-RC2-CBC-MD5",
      "EXP-RC2-CBC-MD5",
      "EXP-ADH-RC4-MD5",
      "ECDHE-ECDSA-NULL-SHA",
      "ECDH-RSA-NULL-SHA",
      "ECDH-ECDSA-NULL-SHA"
    ]
  },
  "x509ChainDepth": 1,
  "verifyCertResult": false,
  "verifyCertError": "self signed certificate",
  "verifyHostResult": true,
  "ocspStapled": false,
  "certificateChain": [
  {
    "version": 3,
    "subject": "emailAddress=tls-scan@example.com; CN=localhost; OU=tls-scan; O=prbinu; ST=CA; C=US",
    "issuer": "emailAddress=tls-scan@example.com; CN=localhost; OU=tls-scan; O=prbinu; ST=CA; C=US",
    "subjectCN": "localhost",
    "signatureAlg": "sha256WithRSAEncryption",
    "notBefore": "Dec 27 17:38:26 2019 GMT",
    "notAfter": "Dec 24 17:38:26 2029 GMT",
    "expired": false,
    "serialNo": "5B:48:7E:E4:F4:6F:6E:22:E2:B9:98:D8:FF:BE:7E:DF:43:4B:7C:0A",
    "publicKeyAlg": "RSA",
    "publicKeySize": 2048,
    "basicConstraints": "CA:TRUE critical",
    "subjectKeyIdentifier": "13:49:98:DA:D7:F2:F4:FE:59:63:10:D1:A5:F8:BD:72:3B:42:88:01",
    "sha1Fingerprint": "5C:8E:01:7D:8C:6C:44:73:7C:EA:99:34:89:C6:89:B7:2D:E6:90:2B"
  } ]
}

<|---------Scan Summary---------|>
 [8565] ciphers             : ECDHE-ECDSA-CHACHA20-POLY1305-OLD:ECDHE-RSA-CHACHA20-POLY1305-OLD:DHE-RSA-CHACHA20-POLY1305-OLD:ECDHE-RSA-AES256-GCM-SHA384:ECDHE-ECDSA-AES256-GCM-SHA384:ECDHE-RSA-AES256-SHA384:ECDHE-ECDSA-AES256-SHA384:ECDHE-RSA-AES256-SHA:ECDHE-ECDSA-AES256-SHA:DH-DSS-AES256-GCM-SHA384:DHE-DSS-AES256-GCM-SHA384:DH-RSA-AES256-GCM-SHA384:DHE-RSA-AES256-GCM-SHA384:DHE-RSA-AES256-SHA256:DHE-DSS-AES256-SHA256:DH-RSA-AES256-SHA256:DH-DSS-AES256-SHA256:DHE-RSA-AES256-SHA:DHE-DSS-AES256-SHA:DH-RSA-AES256-SHA:DH-DSS-AES256-SHA:ECDHE-RSA-CAMELLIA256-SHA384:ECDHE-ECDSA-CAMELLIA256-SHA384:DHE-RSA-CAMELLIA256-SHA256:DHE-DSS-CAMELLIA256-SHA256:DH-RSA-CAMELLIA256-SHA256:DH-DSS-CAMELLIA256-SHA256:DHE-RSA-CAMELLIA256-SHA:DHE-DSS-CAMELLIA256-SHA:DH-RSA-CAMELLIA256-SHA:DH-DSS-CAMELLIA256-SHA:AECDH-AES256-SHA:ADH-AES256-GCM-SHA384:ADH-AES256-SHA256:ADH-AES256-SHA:ADH-CAMELLIA256-SHA256:ADH-CAMELLIA256-SHA:ECDH-RSA-AES256-GCM-SHA384:ECDH-ECDSA-AES256-GCM-SHA384:ECDH-RSA-AES256-SHA384:ECDH-ECDSA-AES256-SHA384:ECDH-RSA-AES256-SHA:ECDH-ECDSA-AES256-SHA:ECDH-RSA-CAMELLIA256-SHA384:ECDH-ECDSA-CAMELLIA256-SHA384:AES256-GCM-SHA384:AES256-SHA256:AES256-SHA:CAMELLIA256-SHA256:CAMELLIA256-SHA:RSA-PSK-AES256-CBC-SHA:ECDHE-RSA-AES128-GCM-SHA256:ECDHE-ECDSA-AES128-GCM-SHA256:ECDHE-RSA-AES128-SHA256:ECDHE-ECDSA-AES128-SHA256:ECDHE-RSA-AES128-SHA:ECDHE-ECDSA-AES128-SHA:DH-DSS-AES128-GCM-SHA256:DHE-DSS-AES128-GCM-SHA256:DH-RSA-AES128-GCM-SHA256:DHE-RSA-AES128-GCM-SHA256:DHE-RSA-AES128-SHA256:DHE-DSS-AES128-SHA256:DH-RSA-AES128-SHA256:DH-DSS-AES128-SHA256:DHE-RSA-AES128-SHA:DHE-DSS-AES128-SHA:DH-RSA-AES128-SHA:DH-DSS-AES128-SHA:ECDHE-RSA-CAMELLIA128-SHA256:ECDHE-ECDSA-CAMELLIA128-SHA256:DHE-RSA-CAMELLIA128-SHA256:DHE-DSS-CAMELLIA128-SHA256:DH-RSA-CAMELLIA128-SHA256:DH-DSS-CAMELLIA128-SHA256:DHE-RSA-SEED-SHA:DHE-DSS-SEED-SHA:DH-RSA-SEED-SHA:DH-DSS-SEED-SHA:DHE-RSA-CAMELLIA128-SHA:DHE-DSS-CAMELLIA128-SHA:DH-RSA-CAMELLIA128-SHA:DH-DSS-CAMELLIA128-SHA:AECDH-AES128-SHA:ADH-AES128-GCM-SHA256:ADH-AES128-SHA256:ADH-AES128-SHA:ADH-CAMELLIA128-SHA256:ADH-SEED-SHA:ADH-CAMELLIA128-SHA:ECDH-RSA-AES128-GCM-SHA256:ECDH-ECDSA-AES128-GCM-SHA256:ECDH-RSA-AES128-SHA256:ECDH-ECDSA-AES128-SHA256:ECDH-RSA-AES128-SHA:ECDH-ECDSA-AES128-SHA:ECDH-RSA-CAMELLIA128-SHA256:ECDH-ECDSA-CAMELLIA128-SHA256:AES128-GCM-SHA256:AES128-SHA256:AES128-SHA:CAMELLIA128-SHA256:SEED-SHA:CAMELLIA128-SHA:IDEA-CBC-SHA:IDEA-CBC-MD5:RC2-CBC-MD5:RSA-PSK-AES128-CBC-SHA:ECDHE-RSA-RC4-SHA:ECDHE-ECDSA-RC4-SHA:DHE-DSS-RC4-SHA:AECDH-RC4-SHA:ADH-RC4-MD5:ECDH-RSA-RC4-SHA:ECDH-ECDSA-RC4-SHA:RC4-SHA:RC4-MD5:RC4-MD5:RSA-PSK-RC4-SHA:ECDHE-RSA-DES-CBC3-SHA:ECDHE-ECDSA-DES-CBC3-SHA:EDH-RSA-DES-CBC3-SHA:EDH-DSS-DES-CBC3-SHA:DH-RSA-DES-CBC3-SHA:DH-DSS-DES-CBC3-SHA:AECDH-DES-CBC3-SHA:ADH-DES-CBC3-SHA:ECDH-RSA-DES-CBC3-SHA:ECDH-ECDSA-DES-CBC3-SHA:DES-CBC3-SHA:DES-CBC3-MD5:RSA-PSK-3DES-EDE-CBC-SHA:RC4-64-MD5:EXP1024-DHE-DSS-DES-CBC-SHA:EDH-RSA-DES-CBC-SHA:EDH-DSS-DES-CBC-SHA:DH-RSA-DES-CBC-SHA:DH-DSS-DES-CBC-SHA:ADH-DES-CBC-SHA:EXP1024-DES-CBC-SHA:DES-CBC-SHA:EXP1024-RC2-CBC-MD5:DES-CBC-MD5:EXP1024-DHE-DSS-RC4-SHA:EXP1024-RC4-SHA:EXP1024-RC4-MD5:EXP-EDH-RSA-DES-CBC-SHA:EXP-EDH-DSS-DES-CBC-SHA:EXP-DH-RSA-DES-CBC-SHA:EXP-DH-DSS-DES-CBC-SHA:EXP-ADH-DES-CBC-SHA:EXP-DES-CBC-SHA:EXP-RC2-CBC-MD5:EXP-RC2-CBC-MD5:EXP-ADH-RC4-MD5:EXP-RC4-MD5:EXP-RC4-MD5:AECDH-NULL-SHA:ECDHE-RSA-NULL-SHA:ECDHE-ECDSA-NULL-SHA:ECDH-RSA-NULL-SHA:ECDH-ECDSA-NULL-SHA:NULL-SHA256:NULL-SHA:NULL-MD5: (165)
 [8565] dns-lookup          : 1
 [8565] network-error       : 92
 [8565] dns-errcount        : 0
 [8565] remote-close-error  : 0
 [8565] unknown-error       : 0
 [8565] timeout-error       : 0
 [8565] connect-error       : 0
 [8565] tls-handshake       : 1
 [8565] gross-tls-handshake : 80
 [8565] elapsed-time        : 0.703085 secs
<|------------------------------|>
